         ps       /q_measurement_tb/clk                   
          delta     /q_measurement_tb/start               
           /q_measurement_tb/q_serialized                 
                      /q_measurement_tb/ready             
                      /q_measurement_tb/measured_q        
          0  +0                       0 0 0 x    x 
          1  +0                      -1 0 0 x    x 
          1  +2                      -1 0 0 0    x 
          2  +0                       0 0 0 0    x 
          3  +0                      -1 0 0 0    x 
          4  +0                       0 0 0 0    x 
          5  +0                      -1 0 * 0    x 
          6  +0                       0 0 * 0    x 
          7  +0                      -1 0 * 0    x 
          8  +0                       0 0 * 0    x 
          9  +0                      -1 0 * 0    x 
         10  +0                       0 0 * 0    x 
         11  +0                      -1 0 * 0    x 
         12  +0                       0 0 * 0    x 
         13  +0                      -1 0 * 0    x 
         14  +0                       0 0 * 0    x 
         15  +0                      -1 0 * 0    x 
         16  +0                       0 * * 0    x 
         17  +0                      -1 * * 0    x 
         18  +0                       0 * * 0    x 
         19  +0                      -1 * * 0    x 
         20  +0                       0 * * 0    x 
         21  +0                      -1 * * 0    x 
         22  +0                       0 0 * 0    x 
         23  +0                      -1 0 * 0    x 
         24  +0                       0 0 * 0    x 
         25  +0                      -1 0 * 0    x 
         26  +0                       0 0 * 0    x 
         27  +0                      -1 0 * 0    x 
         28  +0                       0 * * 0    x 
         29  +0                      -1 * * 0    x 
         30  +0                       0 * * 0    x 
         31  +0                      -1 * * 0    x 
         32  +0                       0 * * 0    x 
         33  +0                      -1 * * 0    x 
         34  +0                       0 0 * 0    x 
         35  +0                      -1 0 * 0    x 
         36  +0                       0 0 * 0    x 
         37  +0                      -1 0 * 0    x 
         38  +0                       0 0 * 0    x 
         39  +0                      -1 0 * 0    x 
         40  +0                       0 * * 0    x 
         41  +0                      -1 * * 0    x 
         42  +0                       0 * * 0    x 
         43  +0                      -1 * * 0    x 
         44  +0                       0 * * 0    x 
         45  +0                      -1 * * 0    x 
         46  +0                       0 0 * 0    x 
         47  +0                      -1 0 * 0    x 
         48  +0                       0 0 * 0    x 
         49  +0                      -1 0 * 0    x 
         50  +0                       0 0 * 0    x 
         51  +0                      -1 0 * 0    x 
         52  +0                       0 * * 0    x 
         53  +0                      -1 * * 0    x 
         54  +0                       0 * * 0    x 
         55  +0                      -1 * * 0    x 
         56  +0                       0 * * 0    x 
         57  +0                      -1 * * 0    x 
         58  +0                       0 0 * 0    x 
         59  +0                      -1 0 * 0    x 
         60  +0                       0 0 * 0    x 
         61  +0                      -1 0 * 0    x 
         62  +0                       0 0 * 0    x 
         63  +0                      -1 0 * 0    x 
         64  +0                       0 * * 0    x 
         65  +0                      -1 * * 0    x 
         66  +0                       0 * * 0    x 
         67  +0                      -1 * * 0    x 
         68  +0                       0 * * 0    x 
         69  +0                      -1 * * 0    x 
         70  +0                       0 0 * 0    x 
         71  +0                      -1 0 * 0    x 
         72  +0                       0 0 * 0    x 
         73  +0                      -1 0 * 0    x 
         74  +0                       0 0 * 0    x 
         75  +0                      -1 0 * 0    x 
         76  +0                       0 * * 0    x 
         77  +0                      -1 * * 0    x 
         78  +0                       0 * * 0    x 
         79  +0                      -1 * * 0    x 
         80  +0                       0 * * 0    x 
         81  +0                      -1 * * 0    x 
         82  +0                       0 0 * 0    x 
         83  +0                      -1 0 * 0    x 
         84  +0                       0 0 * 0    x 
         85  +0                      -1 0 * 0    x 
         86  +0                       0 0 * 0    x 
         87  +0                      -1 0 * 0    x 
         88  +0                       0 0 * 0    x 
         89  +0                      -1 0 * 0    x 
         90  +0                       0 0 * 0    x 
         91  +0                      -1 0 * 0    x 
         91  +2                      -1 0 * *    x 
         92  +0                       0 0 * *    x 
         93  +0                      -1 0 * *    x 
         93  +2                      -1 0 * *  180 
         94  +0                       0 0 * *  180 
         95  +0                      -1 0 * *  180 
         96  +0                       0 0 * *  180 
         97  +0                      -1 0 * *  180 
         98  +0                       0 0 * *  180 
         99  +0                      -1 0 * *  180 
        100  +0                       0 0 * *  180 
        101  +0                      -1 0 * *  180 
        102  +0                       0 0 * *  180 
        103  +0                      -1 0 * *  180 
        104  +0                       0 0 * *  180 
        105  +0                      -1 0 * *  180 
        106  +0                       0 0 * *  180 
        107  +0                      -1 0 * *  180 
        108  +0                       0 0 * *  180 
        109  +0                      -1 0 * *  180 
        110  +0                       0 0 * *  180 
        111  +0                      -1 0 * *  180 
        112  +0                       0 0 * *  180 
        113  +0                      -1 0 * *  180 
        114  +0                       0 0 * *  180 
        115  +0                      -1 0 * *  180 
        116  +0                       0 0 * *  180 
        117  +0                      -1 0 * *  180 
        118  +0                       0 0 * *  180 
        119  +0                      -1 0 * *  180 
        120  +0                       0 0 * *  180 
        121  +0                      -1 0 * *  180 
        122  +0                       0 0 * *  180 
        123  +0                      -1 0 * *  180 
        124  +0                       0 0 * *  180 
        125  +0                      -1 0 * *  180 
        126  +0                       0 0 * *  180 
        127  +0                      -1 0 * *  180 
        128  +0                       0 0 * *  180 
        129  +0                      -1 0 * *  180 
        130  +0                       0 0 * *  180 
        131  +0                      -1 0 * *  180 
        132  +0                       0 0 * *  180 
        133  +0                      -1 0 * *  180 
        134  +0                       0 0 * *  180 
        135  +0                      -1 0 * *  180 
        136  +0                       0 0 * *  180 
        137  +0                      -1 0 0 *  180 
        137  +2                      -1 0 0 0  180 
        138  +0                       0 0 0 0  180 
        139  +0                      -1 0 0 0  180 
        140  +0                       0 0 0 0  180 
        141  +0                      -1 0 0 0  180 
        142  +0                       0 0 * 0  180 
        143  +0                      -1 0 * 0  180 
        144  +0                       0 0 * 0  180 
        145  +0                      -1 0 * 0  180 
        146  +0                       0 0 * 0  180 
        147  +0                      -1 0 * 0  180 
        148  +0                       0 0 * 0  180 
        149  +0                      -1 0 * 0  180 
        150  +0                       0 0 * 0  180 
        151  +0                      -1 0 * 0  180 
        152  +0                       0 0 * 0  180 
        153  +0                      -1 * * 0  180 
        154  +0                       0 * * 0  180 
        155  +0                      -1 * * 0  180 
        156  +0                       0 * * 0  180 
        157  +0                      -1 * * 0  180 
        158  +0                       0 * * 0  180 
        159  +0                      -1 0 * 0  180 
        160  +0                       0 0 * 0  180 
        161  +0                      -1 0 * 0  180 
        162  +0                       0 0 * 0  180 
        163  +0                      -1 0 * 0  180 
        164  +0                       0 0 * 0  180 
        165  +0                      -1 * * 0  180 
        166  +0                       0 * * 0  180 
        167  +0                      -1 * * 0  180 
        168  +0                       0 * * 0  180 
        169  +0                      -1 * * 0  180 
        170  +0                       0 * * 0  180 
        171  +0                      -1 0 * 0  180 
        172  +0                       0 0 * 0  180 
        173  +0                      -1 0 * 0  180 
        174  +0                       0 0 * 0  180 
        175  +0                      -1 0 * 0  180 
        176  +0                       0 0 * 0  180 
        177  +0                      -1 * * 0  180 
        178  +0                       0 * * 0  180 
        179  +0                      -1 * * 0  180 
        180  +0                       0 * * 0  180 
        181  +0                      -1 * * 0  180 
        182  +0                       0 * * 0  180 
        183  +0                      -1 0 * 0  180 
        184  +0                       0 0 * 0  180 
        185  +0                      -1 0 * 0  180 
        186  +0                       0 0 * 0  180 
        187  +0                      -1 0 * 0  180 
        188  +0                       0 0 * 0  180 
        189  +0                      -1 0 * 0  180 
        190  +0                       0 0 * 0  180 
        191  +0                      -1 0 * 0  180 
        192  +0                       0 0 * 0  180 
        193  +0                      -1 0 * 0  180 
        193  +2                      -1 0 * *  180 
        194  +0                       0 0 * *  180 
        195  +0                      -1 0 * *  180 
        195  +2                      -1 0 * *   90 
        196  +0                       0 0 * *   90 
        197  +0                      -1 0 * *   90 
        198  +0                       0 0 * *   90 
        199  +0                      -1 0 * *   90 
        200  +0                       0 0 * *   90 
        201  +0                      -1 0 * *   90 
        202  +0                       0 0 * *   90 
        203  +0                      -1 0 * *   90 
        204  +0                       0 0 * *   90 
        205  +0                      -1 0 * *   90 
        206  +0                       0 0 * *   90 
        207  +0                      -1 0 * *   90 
        208  +0                       0 0 * *   90 
        209  +0                      -1 0 * *   90 
        210  +0                       0 0 * *   90 
        211  +0                      -1 0 * *   90 
        212  +0                       0 0 * *   90 
        213  +0                      -1 0 * *   90 
        214  +0                       0 0 * *   90 
        215  +0                      -1 0 * *   90 
        216  +0                       0 0 * *   90 
        217  +0                      -1 0 * *   90 
        218  +0                       0 0 * *   90 
        219  +0                      -1 0 * *   90 
        220  +0                       0 0 * *   90 
        221  +0                      -1 0 * *   90 
        222  +0                       0 0 * *   90 
        223  +0                      -1 0 * *   90 
        224  +0                       0 0 * *   90 
        225  +0                      -1 0 * *   90 
        226  +0                       0 0 * *   90 
        227  +0                      -1 0 * *   90 
        228  +0                       0 0 * *   90 
        229  +0                      -1 0 * *   90 
        230  +0                       0 0 * *   90 
        231  +0                      -1 0 * *   90 
        232  +0                       0 0 * *   90 
