Using Power View: wc.
Begin Boundary Leakage Calculation
Ended Boundary Leakage Calculation: (cpu=0:00:00, real=0:00:00,
mem(process/total/peak)=1650.35MB/3915.98MB/1650.35MB)
Begin Static Power Report Generation
*----------------------------------------------------------------------------------------
*	Innovus 21.18-s099_1 (64bit) 07/18/2023 13:03 (Linux 3.10.0-693.el7.x86_64)
*	
*
* 	Date & Time:	2024-Nov-28 21:07:38 (2024-Nov-29 00:07:38 GMT)
*
*----------------------------------------------------------------------------------------
*
*	Design: top
*
*	Liberty Libraries used:
*	        wc: ../lib/slow_vdd1v0_basicCells.lib
*
*	Parasitic Files used:
*
*       Power View : wc
*
*       User-Defined Activity : N.A.
*
*       Activity File: N.A.
*
*       Hierarchical Global Activity: N.A.
*
*       Global Activity: N.A.
*
*       Sequential Element Activity: 0.200000
*
*       Primary Input Activity: 0.200000
*
*       Default icg ratio: N.A.
*
*       Global Comb ClockGate Ratio: N.A.
*
*	Power Units = 1mW
*
*	Time Units = 1e-09 secs
*
*       report_power
*
-----------------------------------------------------------------------------------------
*



Total Power
-----------------------------------------------------------------------------------------
Total Internal Power:        0.04199207 	   81.5876%
Total Switching Power:       0.00944766 	   18.3561%
Total Leakage Power:         0.00002895 	    0.0563%
Total Power:                 0.05146868
-----------------------------------------------------------------------------------------


Group                           Internal   Switching     Leakage       Total  Percentage 
                                Power      Power         Power         Power  (%)        
-----------------------------------------------------------------------------------------
Sequential                        0.0353    0.001306   1.895e-05     0.03663       71.16
Macro                                  0           0           0           0           0
IO                                     0           0           0           0           0
Combinational                   0.004879    0.003786   9.458e-06    0.008675       16.85
Clock (Combinational)           0.001812    0.004355   5.478e-07    0.006168       11.98
Clock (Sequential)                     0           0           0           0           0
-----------------------------------------------------------------------------------------
Total                            0.04199    0.009448   2.895e-05     0.05147         100
-----------------------------------------------------------------------------------------


Rail                  Voltage   Internal   Switching     Leakage       Total  Percentage 
                                Power      Power         Power         Power  (%)        
-----------------------------------------------------------------------------------------
VDD                       0.9    0.04199    0.009448   2.895e-05     0.05147         100


Clock                           Internal   Switching     Leakage       Total  Percentage 
                                Power      Power         Power         Power  (%)        
-----------------------------------------------------------------------------------------
clk                             0.001812    0.004355   5.478e-07    0.006168       11.98
-----------------------------------------------------------------------------------------
Total                           0.001812    0.004355   5.478e-07    0.006168       11.98
-----------------------------------------------------------------------------------------
Clock: clk
Clock Period: 0.010000 usec 
Clock Toggle Rate:   200.0000 Mhz 
Clock Static Probability:  0.5000
  
 
 
-----------------------------------------------------------------------------------------
*	Power Distribution Summary: 
*              Highest Average Power:       CTS_ccl_a_buf_00005 (CLKBUFX4):         0.001292
*              Highest Leakage Power:               g3556__2398 (OR2X6):        2.186e-07
*                Total Cap:      6.07997e-13 F
*                Total instances in design:   375
*                Total instances in design with no power:     0
*                Total instances in design with no activty:     0

*                Total Fillers and Decap:     0
-----------------------------------------------------------------------------------------
 
** INFO:  (VOLTUS_POWR-3465): There are 0 decaps and 0 fillers in the design

Ended Static Power Report Generation: (cpu=0:00:00, real=0:00:00,
mem(process/total/peak)=1650.35MB/3915.98MB/1650.35MB)

